mstrhelp.are
limbo.are
immgrnd.are
school.are
academy.are
bandit.are
hell.are
dwrffort.are
clanhq1.are
android.are
viking.are
hedgemze.are
lostvall.are
clanhq2.are
proto1.are
clanhq3.are
clanhq4.are
clanhq5.are
clanhq6.are
trollmtn.are
dwarfmtn.are
saphrim.are
tarpits.are
arena.are
bretpt1.are
blacktwr.are
wyvern.are
aeyrie.are
proto2.are
methic.are
sgcastle.are
bretpt3.are
druidkp.are
proto3.are
aurum.are
proto4.are
proto5.are
menedek.are
gravshft.are
daemonlr.are
proto7.are
proto8.are
shangil.are
futmethe.are
clockwrk.are
clanhq8.are
summrset.are
mistmtns.are
revelstn.are
bretpt4.are
proto9.are
relfaust.are
tmpllan.are
fortress.are
proto11.are
drgnval.are
hammer.are
graveyrd.are
labyrnth.are
dethfang.are
brian.are
goblnfrt.are
immhome.are
bretpt5.are
pyramid.are
mirrors.are
theways.are
methpark.are
daemonkp.are
guild1.are
ovrwrldt.are
ovrwrld.are
proto16.are
sorrwmst.are
sewers.are
proto17.are
clanhq9.are
arctic.are
silvcstl.are
serfvill.are
bretpt2.are
proto18.are
grasfels.are
proto19.are
tmplthc.are
tmpltaf.are
tmplloj.are
tmplcsi.are
tmpldad.are
zuggurat.are
proto20.are
religion.are
methcity.are
methfutr.are
methfrst.are
methfrs2.are
asylum.are
centaur.are
temploop.are
temple.are
proto22.are
tropfrst.are
ruinasha.are
proto23.are
blckmoor.are
proto24.are
elnexus.are
proto26.are
proto27.are
proto28.are
proto29.are
proto30.are
tmpllmd.are
proto31.are
proto32.are
$
